// Jest Snapshot v1, https://goo.gl/fbAQLP

exports[`Testing component HeaderModal should render correctly 1`] = `
<div
  className="container__modal-header space-between"
>
  <h5
    className="container__modal-header-title"
  >
    Pizzeria Capitan America
  </h5>
  <img
    alt="Logo pizza"
    className="modal-header__logo-store"
    src="../assets/store/store-1.png"
  />
  <Link
    className="modal-header__close-modal pointer"
    to="/"
  >
    x
  </Link>
</div>
`;
